
===========================================================================
 report_check_types -max_slew -max_cap -max_fanout -violators
============================================================================

======================= Slowest Corner ===================================

max slew

Pin                                    Limit    Slew   Slack
------------------------------------------------------------
io_in[8]                                1.50    6.01   -4.51 (VIOLATED)
io_in[11]                               1.50    4.94   -3.44 (VIOLATED)
io_in[4]                                1.50    3.40   -1.90 (VIOLATED)
io_in[10]                               1.50    3.02   -1.52 (VIOLATED)
io_in[1]                                1.50    2.43   -0.93 (VIOLATED)
io_in[9]                                1.50    2.42   -0.92 (VIOLATED)
io_in[5]                                1.50    2.31   -0.81 (VIOLATED)
io_in[7]                                1.50    2.17   -0.67 (VIOLATED)
io_in[6]                                1.50    2.05   -0.56 (VIOLATED)
user_clock2                             1.50    1.81   -0.31 (VIOLATED)
io_in[2]                                1.50    1.80   -0.30 (VIOLATED)
io_in[0]                                1.50    1.75   -0.25 (VIOLATED)
io_in[3]                                1.50    1.71   -0.21 (VIOLATED)

max capacitance

Pin                                    Limit     Cap   Slack
------------------------------------------------------------
io_in[8]                                0.21    0.84   -0.64 (VIOLATED)
io_in[11]                               0.21    0.71   -0.50 (VIOLATED)
io_in[4]                                0.21    0.49   -0.28 (VIOLATED)
io_in[10]                               0.21    0.44   -0.23 (VIOLATED)
io_in[9]                                0.21    0.35   -0.14 (VIOLATED)
io_in[1]                                0.21    0.34   -0.13 (VIOLATED)
io_in[5]                                0.21    0.33   -0.12 (VIOLATED)
io_in[7]                                0.21    0.31   -0.10 (VIOLATED)
io_in[6]                                0.21    0.29   -0.08 (VIOLATED)
user_clock2                             0.21    0.25   -0.05 (VIOLATED)
io_in[2]                                0.21    0.25   -0.04 (VIOLATED)
io_in[0]                                0.21    0.25   -0.04 (VIOLATED)
io_in[3]                                0.21    0.24   -0.03 (VIOLATED)


======================= Typical Corner ===================================

max slew

Pin                                    Limit    Slew   Slack
------------------------------------------------------------
io_in[8]                                1.50    3.66   -2.17 (VIOLATED)
io_in[11]                               1.50    2.90   -1.41 (VIOLATED)
io_in[4]                                1.50    1.94   -0.45 (VIOLATED)
io_in[10]                               1.50    1.73   -0.23 (VIOLATED)
io_in[1]                                1.50    1.53   -0.04 (VIOLATED)

max capacitance

Pin                                    Limit     Cap   Slack
------------------------------------------------------------
io_in[8]                                0.33    0.84   -0.51 (VIOLATED)
io_in[11]                               0.33    0.71   -0.38 (VIOLATED)
io_in[4]                                0.33    0.49   -0.16 (VIOLATED)
io_in[10]                               0.33    0.44   -0.11 (VIOLATED)
io_in[9]                                0.33    0.35   -0.01 (VIOLATED)
io_in[1]                                0.33    0.34   -0.01 (VIOLATED)
io_in[5]                                0.33    0.33   -0.00 (VIOLATED)


======================= Fastest Corner ===================================

max slew

Pin                                    Limit    Slew   Slack
------------------------------------------------------------
io_in[8]                                1.50    2.69   -1.20 (VIOLATED)
io_in[11]                               1.50    2.04   -0.54 (VIOLATED)

max capacitance

Pin                                    Limit     Cap   Slack
------------------------------------------------------------
io_in[8]                                0.43    0.84   -0.41 (VIOLATED)
io_in[11]                               0.43    0.71   -0.27 (VIOLATED)
io_in[4]                                0.43    0.49   -0.06 (VIOLATED)
io_in[10]                               0.43    0.44   -0.00 (VIOLATED)


===========================================================================
max slew violation count 13
max fanout violation count 0
max cap violation count 13
============================================================================
