
===========================================================================
report_checks -unconstrained
============================================================================
Startpoint: user_clock2 (input port clocked by clk)
Endpoint: count1/clk (internal pin)
Path Group: (none)
Path Type: max

Fanout     Cap    Slew   Delay    Time   Description
-----------------------------------------------------------------------------
                         20.00   20.00 ^ input external delay
                  0.01    0.00   20.00 ^ user_clock2 (in)
     1    0.00                           user_clock2 (net)
                  0.01    0.00   20.00 ^ count1/clk (counter)
                                 20.00   data arrival time
-----------------------------------------------------------------------------
(Path is unconstrained)



===========================================================================
report_checks --slack_max -0.01
============================================================================
No paths found.
