
===========================================================================
report_checks -unconstrained
============================================================================

======================= Slowest Corner ===================================

Startpoint: io_in[25] (input port clocked by user_clock2)
Endpoint: mprj/io_in[25] (internal pin)
Path Group: (none)
Path Type: max
Corner: ss

Fanout     Cap    Slew   Delay    Time   Description
-----------------------------------------------------------------------------
                          2.00    2.00 ^ input external delay
                  4.53    3.88    5.88 ^ io_in[25] (in)
     1    0.64                           io_in[25] (net)
                  5.70    0.00    5.88 ^ mprj/io_in[25] (user_proj_dummy)
                                  5.88   data arrival time
-----------------------------------------------------------------------------
(Path is unconstrained)



======================= Typical Corner ===================================

Startpoint: user_clock2 (clock source 'user_clock2')
Endpoint: mprj/user_clock2 (internal pin)
Path Group: (none)
Path Type: max
Corner: tt

Fanout     Cap    Slew   Delay    Time   Description
-----------------------------------------------------------------------------
                  0.46    0.55    5.55 v user_clock2 (in)
     1    0.23                           user_clock2 (net)
                  0.81    0.00    5.55 v mprj/user_clock2 (user_proj_dummy)
                                  5.55   data arrival time
-----------------------------------------------------------------------------
(Path is unconstrained)



======================= Fastest Corner ===================================

Startpoint: user_clock2 (clock source 'user_clock2')
Endpoint: mprj/user_clock2 (internal pin)
Path Group: (none)
Path Type: max
Corner: ff

Fanout     Cap    Slew   Delay    Time   Description
-----------------------------------------------------------------------------
                  0.27    0.45    5.45 v user_clock2 (in)
     1    0.23                           user_clock2 (net)
                  0.70    0.00    5.45 v mprj/user_clock2 (user_proj_dummy)
                                  5.45   data arrival time
-----------------------------------------------------------------------------
(Path is unconstrained)



===========================================================================
report_checks --slack_max -0.01
============================================================================

======================= Slowest Corner ===================================

No paths found.

======================= Typical Corner ===================================

No paths found.

======================= Fastest Corner ===================================

No paths found.
