
===========================================================================
 report_power
============================================================================


======================= Slowest Corner =================================

Group                  Internal  Switching    Leakage      Total
                          Power      Power      Power      Power
----------------------------------------------------------------
Sequential             1.33e-06   8.31e-07   6.29e-08   2.23e-06  26.3%
Combinational          3.08e-06   2.83e-06   3.26e-07   6.24e-06  73.7%
Macro                  0.00e+00   0.00e+00   0.00e+00   0.00e+00   0.0%
Pad                    0.00e+00   0.00e+00   0.00e+00   0.00e+00   0.0%
----------------------------------------------------------------
Total                  4.41e-06   3.67e-06   3.89e-07   8.47e-06 100.0%
                          52.1%      43.3%       4.6%

======================= Typical Corner ===================================

Group                  Internal  Switching    Leakage      Total
                          Power      Power      Power      Power
----------------------------------------------------------------
Sequential             1.73e-06   1.05e-06   3.23e-11   2.78e-06  27.2%
Combinational          3.77e-06   3.61e-06   8.98e-08   7.47e-06  72.8%
Macro                  0.00e+00   0.00e+00   0.00e+00   0.00e+00   0.0%
Pad                    0.00e+00   0.00e+00   0.00e+00   0.00e+00   0.0%
----------------------------------------------------------------
Total                  5.50e-06   4.66e-06   8.99e-08   1.03e-05 100.0%
                          53.7%      45.5%       0.9%


======================= Fastest Corner =================================

Group                  Internal  Switching    Leakage      Total
                          Power      Power      Power      Power
----------------------------------------------------------------
Sequential             2.02e-06   1.24e-06   7.92e-11   3.26e-06  27.5%
Combinational          4.22e-06   4.26e-06   9.03e-08   8.57e-06  72.5%
Macro                  0.00e+00   0.00e+00   0.00e+00   0.00e+00   0.0%
Pad                    0.00e+00   0.00e+00   0.00e+00   0.00e+00   0.0%
----------------------------------------------------------------
Total                  6.24e-06   5.50e-06   9.03e-08   1.18e-05 100.0%
                          52.8%      46.5%       0.8%
