
===========================================================================
report_checks -path_delay max (Setup)
============================================================================
Startpoint: io_in[2] (input port clocked by wb_clk_i)
Endpoint: io_out[2] (output port clocked by wb_clk_i)
Path Group: wb_clk_i
Path Type: max

Fanout     Cap    Slew   Delay    Time   Description
-----------------------------------------------------------------------------
                  0.15    0.00    0.00   clock wb_clk_i (rise edge)
                          0.00    0.00   clock network delay (ideal)
                          2.00    2.00 v input external delay
                  0.01    0.01    2.01 v io_in[2] (in)
     1    0.00                           io_in[2] (net)
                  0.02    0.00    2.01 v _000_/A (sky130_fd_sc_hd__inv_2)
                  0.18    0.12    2.13 ^ _000_/Y (sky130_fd_sc_hd__inv_2)
     1    0.03                           io_out[2] (net)
                  0.18    0.00    2.13 ^ io_out[2] (out)
                                  2.13   data arrival time

                  0.15   10.00   10.00   clock wb_clk_i (rise edge)
                          0.00   10.00   clock network delay (ideal)
                         -0.25    9.75   clock uncertainty
                          0.00    9.75   clock reconvergence pessimism
                         -2.00    7.75   output external delay
                                  7.75   data required time
-----------------------------------------------------------------------------
                                  7.75   data required time
                                 -2.13   data arrival time
-----------------------------------------------------------------------------
                                  5.62   slack (MET)


Startpoint: io_in[3] (input port clocked by wb_clk_i)
Endpoint: io_out[3] (output port clocked by wb_clk_i)
Path Group: wb_clk_i
Path Type: max

Fanout     Cap    Slew   Delay    Time   Description
-----------------------------------------------------------------------------
                  0.15    0.00    0.00   clock wb_clk_i (rise edge)
                          0.00    0.00   clock network delay (ideal)
                          2.00    2.00 v input external delay
                  0.01    0.01    2.01 v io_in[3] (in)
     1    0.00                           io_in[3] (net)
                  0.02    0.00    2.01 v _003_/A (sky130_fd_sc_hd__inv_2)
                  0.18    0.12    2.13 ^ _003_/Y (sky130_fd_sc_hd__inv_2)
     1    0.03                           io_out[3] (net)
                  0.18    0.00    2.13 ^ io_out[3] (out)
                                  2.13   data arrival time

                  0.15   10.00   10.00   clock wb_clk_i (rise edge)
                          0.00   10.00   clock network delay (ideal)
                         -0.25    9.75   clock uncertainty
                          0.00    9.75   clock reconvergence pessimism
                         -2.00    7.75   output external delay
                                  7.75   data required time
-----------------------------------------------------------------------------
                                  7.75   data required time
                                 -2.13   data arrival time
-----------------------------------------------------------------------------
                                  5.62   slack (MET)


Startpoint: io_in[0] (input port clocked by wb_clk_i)
Endpoint: io_out[0] (output port clocked by wb_clk_i)
Path Group: wb_clk_i
Path Type: max

Fanout     Cap    Slew   Delay    Time   Description
-----------------------------------------------------------------------------
                  0.15    0.00    0.00   clock wb_clk_i (rise edge)
                          0.00    0.00   clock network delay (ideal)
                          2.00    2.00 v input external delay
                  0.02    0.01    2.01 v io_in[0] (in)
     2    0.01                           io_in[0] (net)
                  0.02    0.00    2.01 v _002_/A (sky130_fd_sc_hd__inv_2)
                  0.18    0.12    2.13 ^ _002_/Y (sky130_fd_sc_hd__inv_2)
     1    0.03                           io_out[0] (net)
                  0.18    0.00    2.13 ^ io_out[0] (out)
                                  2.13   data arrival time

                  0.15   10.00   10.00   clock wb_clk_i (rise edge)
                          0.00   10.00   clock network delay (ideal)
                         -0.25    9.75   clock uncertainty
                          0.00    9.75   clock reconvergence pessimism
                         -2.00    7.75   output external delay
                                  7.75   data required time
-----------------------------------------------------------------------------
                                  7.75   data required time
                                 -2.13   data arrival time
-----------------------------------------------------------------------------
                                  5.62   slack (MET)


Startpoint: io_in[1] (input port clocked by wb_clk_i)
Endpoint: io_out[1] (output port clocked by wb_clk_i)
Path Group: wb_clk_i
Path Type: max

Fanout     Cap    Slew   Delay    Time   Description
-----------------------------------------------------------------------------
                  0.15    0.00    0.00   clock wb_clk_i (rise edge)
                          0.00    0.00   clock network delay (ideal)
                          2.00    2.00 v input external delay
                  0.02    0.01    2.01 v io_in[1] (in)
     2    0.01                           io_in[1] (net)
                  0.02    0.00    2.01 v _001_/A (sky130_fd_sc_hd__inv_2)
                  0.18    0.12    2.13 ^ _001_/Y (sky130_fd_sc_hd__inv_2)
     1    0.03                           io_out[1] (net)
                  0.18    0.00    2.13 ^ io_out[1] (out)
                                  2.13   data arrival time

                  0.15   10.00   10.00   clock wb_clk_i (rise edge)
                          0.00   10.00   clock network delay (ideal)
                         -0.25    9.75   clock uncertainty
                          0.00    9.75   clock reconvergence pessimism
                         -2.00    7.75   output external delay
                                  7.75   data required time
-----------------------------------------------------------------------------
                                  7.75   data required time
                                 -2.13   data arrival time
-----------------------------------------------------------------------------
                                  5.62   slack (MET)


Startpoint: _239_ (rising edge-triggered flip-flop)
Endpoint: io_out[4] (output port clocked by wb_clk_i)
Path Group: wb_clk_i
Path Type: max

Fanout     Cap    Slew   Delay    Time   Description
-----------------------------------------------------------------------------
                  0.03    0.00    0.00 ^ _239_/CLK (sky130_fd_sc_hd__dfxtp_2)
                  0.20    0.41    0.41 ^ _239_/Q (sky130_fd_sc_hd__dfxtp_2)
     1    0.03                           io_out[4] (net)
                  0.20    0.00    0.41 ^ io_out[4] (out)
                                  0.41   data arrival time

                  0.15   10.00   10.00   clock wb_clk_i (rise edge)
                          0.00   10.00   clock network delay (ideal)
                         -0.25    9.75   clock uncertainty
                          0.00    9.75   clock reconvergence pessimism
                         -2.00    7.75   output external delay
                                  7.75   data required time
-----------------------------------------------------------------------------
                                  7.75   data required time
                                 -0.41   data arrival time
-----------------------------------------------------------------------------
                                  7.34   slack (MET)


